// Jest Snapshot v1, https://goo.gl/fbAQLP

exports[`CartItem component should render properly 1`] = `
<View
  style={
    {
      "backgroundColor": "#FFFFFF",
      "marginBottom": 30,
      "marginTop": 10,
    }
  }
>
  <View
    style={
      {
        "flexDirection": "row",
        "gap": 15,
        "paddingBottom": 12,
        "paddingHorizontal": 16,
        "paddingTop": 30,
      }
    }
  >
    <Image
      resizeMode="cover"
      source={
        {
          "uri": "img.png",
        }
      }
      style={
        [
          {
            "borderRadius": 10,
            "height": 102,
            "width": 102,
          },
        ]
      }
    />
    <View
      style={
        {
          "flexDirection": "column",
          "gap": 12,
          "paddingHorizontal": 15,
        }
      }
    >
      <Text
        style={
          [
            {
              "color": "#4F4F4F",
              "fontFamily": "Montserrat",
              "fontSize": 18,
            },
            [
              {
                "fontFamily": "Montserrat-Medium",
              },
              {
                "maxWidth": 260,
              },
            ],
          ]
        }
      >
        test
      </Text>
      <View
        style={
          {
            "alignItems": "flex-end",
            "flexDirection": "row",
            "gap": 4,
          }
        }
      >
        <View
          style={
            {
              "alignItems": "center",
              "flexDirection": "row",
              "gap": 14,
              "paddingVertical": 8,
            }
          }
        >
          <Text
            style={
              [
                {
                  "color": "#4A4A4A",
                  "fontFamily": "Montserrat",
                  "fontSize": 18,
                },
                {
                  "color": "#33907C",
                  "fontFamily": "Montserrat-Bold",
                  "fontWeight": "600",
                },
              ]
            }
          >
            $
            8
          </Text>
          <View
            style={
              {
                "alignItems": "center",
                "flexDirection": "row",
                "gap": 8,
              }
            }
          >
            <Text
              style={
                [
                  {
                    "color": "#4A4A4A",
                    "fontFamily": "Montserrat",
                    "fontSize": 18,
                  },
                  {
                    "color": "#4F4F4F",
                    "fontWeight": "600",
                    "textDecorationLine": "line-through",
                  },
                ]
              }
            >
              $
              12
            </Text>
            <Text
              style={
                [
                  {
                    "color": "#4A4A4A",
                    "fontFamily": "Montserrat",
                    "fontSize": 18,
                  },
                  {
                    "color": "#4F4F4F",
                    "fontWeight": "600",
                  },
                ]
              }
            >
              33% off
            </Text>
          </View>
        </View>
      </View>
      <View
        style={
          {
            "alignItems": "center",
            "flexDirection": "row",
            "gap": 10,
          }
        }
      >
        <View
          accessibilityState={
            {
              "busy": undefined,
              "checked": undefined,
              "disabled": undefined,
              "expanded": undefined,
              "selected": undefined,
            }
          }
          accessibilityValue={
            {
              "max": undefined,
              "min": undefined,
              "now": undefined,
              "text": undefined,
            }
          }
          accessible={true}
          collapsable={false}
          focusable={true}
          onClick={[Function]}
          onResponderGrant={[Function]}
          onResponderMove={[Function]}
          onResponderRelease={[Function]}
          onResponderTerminate={[Function]}
          onResponderTerminationRequest={[Function]}
          onStartShouldSetResponder={[Function]}
          style={
            {
              "alignItems": "center",
              "borderColor": "#DCDDDF",
              "borderRadius": 5,
              "borderWidth": 1,
              "height": 30,
              "justifyContent": "center",
              "opacity": 1,
              "width": 30,
            }
          }
        >
          <Text
            style={
              [
                {
                  "color": "#4A4A4A",
                  "fontFamily": "Montserrat",
                  "fontSize": 18,
                },
                {
                  "fontSize": 16,
                  "fontWeight": "600",
                },
              ]
            }
          >
            -
          </Text>
        </View>
        <Text
          style={
            [
              {
                "color": "#4A4A4A",
                "fontFamily": "Montserrat",
                "fontSize": 18,
              },
              {
                "color": "#4F4F4F",
                "fontFamily": "Montserrat-Medium",
                "fontSize": 16,
              },
            ]
          }
        >
          2
        </Text>
        <View
          accessibilityState={
            {
              "busy": undefined,
              "checked": undefined,
              "disabled": undefined,
              "expanded": undefined,
              "selected": undefined,
            }
          }
          accessibilityValue={
            {
              "max": undefined,
              "min": undefined,
              "now": undefined,
              "text": undefined,
            }
          }
          accessible={true}
          collapsable={false}
          focusable={true}
          onClick={[Function]}
          onResponderGrant={[Function]}
          onResponderMove={[Function]}
          onResponderRelease={[Function]}
          onResponderTerminate={[Function]}
          onResponderTerminationRequest={[Function]}
          onStartShouldSetResponder={[Function]}
          style={
            {
              "alignItems": "center",
              "borderColor": "#DCDDDF",
              "borderRadius": 5,
              "borderWidth": 1,
              "height": 30,
              "justifyContent": "center",
              "opacity": 1,
              "width": 30,
            }
          }
        >
          <Text
            style={
              [
                {
                  "color": "#4A4A4A",
                  "fontFamily": "Montserrat",
                  "fontSize": 18,
                },
                {
                  "fontSize": 16,
                  "fontWeight": "600",
                },
              ]
            }
          >
            +
          </Text>
        </View>
      </View>
    </View>
  </View>
  <View
    accessibilityState={
      {
        "busy": undefined,
        "checked": undefined,
        "disabled": undefined,
        "expanded": undefined,
        "selected": undefined,
      }
    }
    accessibilityValue={
      {
        "max": undefined,
        "min": undefined,
        "now": undefined,
        "text": undefined,
      }
    }
    accessible={true}
    collapsable={false}
    focusable={true}
    onClick={[Function]}
    onResponderGrant={[Function]}
    onResponderMove={[Function]}
    onResponderRelease={[Function]}
    onResponderTerminate={[Function]}
    onResponderTerminationRequest={[Function]}
    onStartShouldSetResponder={[Function]}
    style={
      {
        "alignItems": "center",
        "borderColor": "#DCDDDF",
        "borderTopWidth": 1,
        "justifyContent": "center",
        "opacity": 1,
        "padding": 12,
      }
    }
  >
    <Text
      style={
        [
          {
            "color": "#4F4F4F",
            "fontFamily": "Montserrat",
            "fontSize": 18,
          },
          {
            "fontFamily": "Montserrat-Medium",
          },
        ]
      }
    >
      Remove
    </Text>
  </View>
</View>
`;
