// Jest Snapshot v1, https://goo.gl/fbAQLP

exports[`Input component should render properly with label and error message 1`] = `
<View
  style={
    [
      {
        "marginBottom": 15,
      },
      undefined,
    ]
  }
>
  <Text
    style={
      [
        {
          "color": "#4A4A4A",
          "fontFamily": "Montserrat",
          "fontSize": 14,
        },
        {
          "marginBottom": 5,
          "opacity": 0.5,
        },
      ]
    }
  >
    Email
  </Text>
  <TextInput
    editable={true}
    placeholder="Enter your email"
    placeholderTextColor="#DCDDDF"
    secureTextEntry={false}
    style={
      [
        {
          "paddingHorizontal": 16,
          "paddingVertical": 16,
        },
        {
          "backgroundColor": "#FFFFFF",
          "borderRadius": 24,
          "color": "#4F4F4F",
          "fontFamily": "Montserrat",
          "fontSize": 18,
          "paddingLeft": 40,
        },
        undefined,
      ]
    }
    value="test.com"
  />
  <View
    style={
      {
        "left": 12,
        "position": "absolute",
        "top": 18,
      }
    }
  >
    <Text>
      LeftIcon
    </Text>
  </View>
  <Text
    style={
      [
        {
          "color": "#4A4A4A",
          "fontFamily": "Montserrat",
          "fontSize": 14,
        },
        {
          "color": "#FF7272",
          "marginLeft": 16,
          "marginTop": 10,
          "textAlign": "left",
        },
      ]
    }
  >
    Email is invalid.
  </Text>
</View>
`;
